python : Python 
위치 줄:1 문자:1
+ python test_workflow_imports.py > test_output.txt 2>&1; Get-Content t ...
+ ~~~~~~~~~~~~~~~~~~~~~~~~~~~~~~~~~~~~~~~~~~~~~~~~~~~~~~
    + CategoryInfo          : NotSpecified: (Python :String) [], RemoteExcepti 
   on
    + FullyQualifiedErrorId : NativeCommandError
 
